Custom Cabinet / Release Bundle gate — 2026-10-06
Scope: exact frontend source, public integrity, targeted disposable Ubuntu installation.
Production not accessed or updated. Latest preserved. Backend and site unchanged.
Reference: bundle-v2026.10.03.1 / cabinet source 3b6255597f5ad5270136dd1f683fed980b925a66
Cabinet: cabinet-v2026.10.06.1 / 9bafae4954dc1c2b0a1880f4ccfa59fb77c85ee3 / tree 824e566ccaca0db8356c842c268fd0c61b4e2280
Installer: installer-v2026.10.02 / 75c49bec9c2a764e123fc0ef675f8c45fc22a1ab
Cabinet publication: https://github.com/alexforworkgpt-source/custom-cabinet/actions/runs/37470224145
Exact source Linux Node 24/26: 1017 frontend tests and 15 publication guards each PASS; lint, type-check, build and CodeQL PASS.
Local exact compiled Cabinet artifact: 442 browser cases PASS, 14 viewport skips, zero failures/retries. Mocked API scope; not a full live payment proof.
Earlier failed/overloaded browser attempts retained privately, not reported as PASS; final exact source run corrected fixtures and atomic geometry measurement.
Exact branch CodeQL: 32 existing open alert IDs, zero new alert IDs.
Bundle publication: https://github.com/alexforworkgpt-source/installer/actions/runs/37469762105
Bundle workflow: 141 contract tests and deterministic repeated build PASS.
Tokenless public asset downloads: exact asset sets, API sizes/digests, checksum bytes, manifest, provenance and archive safety PASS.
All six published Bundle assets are byte-identical to the tested local package.
Cabinet record/source/tree/license/run bindings PASS. Vendor crypto serialization marker is byte-identical to the prior public stable module; no embedded PEM key material.
Bounded compatibility: https://github.com/alexforworkgpt-source/custom-cabinet/blob/dc3c5ea9d73cad865743a9828d3b9f8609bf767d/releases/evidence/compatibility-design-9bafae4-877690a7-20261006.md
Lifecycle reused only for exact unchanged Installer SHA/tree/archive, Bot, images, contracts, schemas and Ubuntu 24.04/linux/amd64.
Lifecycle: https://github.com/alexforworkgpt-source/installer/blob/37289e3cd3b135f4b5a31f2b7a0291ccaede081c/releases/evidence/primary-lifecycle-reused-75c49be-20261002.json
Protected previous-to-candidate transition: NOT_REQUIRED; all protected identities unchanged.
management_runtime_files_verified=38
outcome=committed
release=2026.10.06.1
bundle_identity=faf409c1a898532fe0d63b58c29b1b21eb1480cdadecfefe296be0158a86a5c6
bot_sha=877690a7039d1326b2c00eda3e297879b80c0678
cabinet_sha=9bafae4954dc1c2b0a1880f4ccfa59fb77c85ee3
cabinet_artifact_sha256=98899dc701104a1369822e705040cd9e36f04c66551b05696c4078845ce02ef0
containers=3
cabinet_http=200
instruction_http=200
branding_http=200
health_status=ok
webhook_default_http=404
cache_control=no-store
targeted_fresh_smoke=PASS
local_server_env_unchanged=true
test_cleanup=NOT_RUN_OWNER_OS_REINSTALL
Cleanup and postflight deliberately not run: owner will reinstall Ubuntu on this disposable VPS. Test installation retained; cleanup is not claimed PASS.
Owner authorization covers this package publication, disposable installation and stable promotion; production transition remains separate.
Accepted OPEN/BLOCKED limits remain explicit below; no full runtime compatibility claim.
[
  {
    "id": "classic-auto-purchase",
    "status": "OPEN",
    "summary": "Existing unchanged Upstream Bot behavior requires manual confirmation after top-up; frontend does not close this limitation."
  },
  {
    "id": "unused-legacy-email-wrapper",
    "status": "OPEN",
    "summary": "Existing unused createEmail wrapper declares an endpoint absent from the exact Bot schema; the current form uses the supported createCombined -> /send. The wrapper is unchanged."
  },
  {
    "id": "exact-compatibility-evidence",
    "status": "BLOCKED",
    "summary": "Full response-field parity and authenticated staging remain unverified. Local unit and mocked browser checks do not establish full runtime compatibility."
  },
  {
    "id": "physical-platform-and-payment",
    "status": "BLOCKED",
    "summary": "Physical Telegram Android/iOS, accessibility, payment/recovery/renewal/concurrency/panel/admin scenarios were not verified by local checks."
  }
]
Public Bundle receipt:
{
  "result": "PASS",
  "tag": "bundle-v2026.10.06.1",
  "release_id": 404735283,
  "immutable": true,
  "prerelease": true,
  "public_assets_verified": true,
  "unauthenticated_download": true,
  "assets": {
    "cabinet-dist.tar.gz": "98899dc701104a1369822e705040cd9e36f04c66551b05696c4078845ce02ef0",
    "cabinet-dist.tar.gz.sha256": "d2973b7fc085fba28122d2b14d076f784cd759501eaaa161de4098c663ada128",
    "installer-2026.10.06.1.tar.gz": "eff17b515f9714dcefee88652d884e64598300941f3b9519d77bcf9e2e75752d",
    "installer-2026.10.06.1.tar.gz.sha256": "a0dc00f74049b6730cc63947f2a38d9e0ee3106e2040b74775802712f12c535d",
    "release-provenance.json": "f720ba832a9323274a6776a3b324358ae47e9a6886837d7520c14f6d409022c4",
    "release.json": "4c814c6937df0abbad994188d9fa03478d34850c88affb0b6dc4ed63a96de7e0"
  },
  "release": "2026.10.06.1",
  "installer_sha": "75c49bec9c2a764e123fc0ef675f8c45fc22a1ab",
  "cabinet_sha": "9bafae4954dc1c2b0a1880f4ccfa59fb77c85ee3",
  "bot_sha": "877690a7039d1326b2c00eda3e297879b80c0678",
  "bundle_identity": "faf409c1a898532fe0d63b58c29b1b21eb1480cdadecfefe296be0158a86a5c6",
  "cabinet_artifact_sha256": "98899dc701104a1369822e705040cd9e36f04c66551b05696c4078845ce02ef0",
  "protected": {
    "bot_repository": "https://github.com/BEDOLAGA-DEV/remnawave-bedolaga-telegram-bot.git",
    "bot_sha": "877690a7039d1326b2c00eda3e297879b80c0678",
    "postgres_image": "postgres@sha256:4006528dcbdd9be8c1aaa50389caea4e93c46d6f54c3533bcd3253725e526e23",
    "redis_image": "redis@sha256:e7723ff73d963f5cc6d9c4643ea3d989527a402a319239054e9472a7fb9219a2",
    "backend_contract": "1",
    "bot_backend_contract": "1",
    "cabinet_backend_contract": "1",
    "configuration_schema": 1,
    "manifest_schema": 2,
    "migration_policy": "rollback-compatible",
    "target_os": "ubuntu-24.04",
    "target_platform": "linux/amd64"
  },
  "marker_reviews": [
    {
      "path": "assets/vendor-crypto-C22YYRe_.js",
      "sha256": "b7e62a36521c872d049f4e015458780e0a8e7bd4e7d71b33801717ad3b8cd807",
      "reason": "RSA serialization marker only; byte-identical public stable vendor module, no embedded PEM key material"
    }
  ]
}
